npm notice run norpekgame@0.4.0 test
npm notice run node --import tsx --test tests/*.test.ts tests/*.test.mjs
✔ platform mute stops pending tones and dominates user unmute (2.255833ms)
✔ suspension cancels music and resume schedules only once (1.476042ms)
✔ independent volume controls clamp invalid values and mute only their channel (0.572625ms)
✔ effect voice budget stays bounded and disposal releases every source (0.856542ms)
✔ every hunter and evolution references real content and every weapon rank resolves usable numbers (3.451083ms)
✔ authored waves and scheduled encounters cover Classic with valid enemies and bounded counts (1.066292ms)
✔ all permanent rank combinations remain finite and buyable at their published costs (0.498958ms)
✔ Classic has exactly the requested mini-boss and main-boss minutes with usable rising budgets (0.426791ms)
✔ all eighteen encounters have exactly four times the pre-feedback health (1.391625ms)
✔ a new ordinary enemy joins every two minutes and mixed attacks persist (0.547334ms)
✔ ordinary enemy health grows continuously through the hunt without minute-boundary jumps (1.006583ms)
✔ new enemies draw distinct silhouettes rather than blank or recolored existing bodies (1.523334ms)
✔ a saturated XP field preserves every point and creates a visible drop at the new kill (27.524791ms)
✔ all-coin or all-chest pools still admit XP and conserve non-XP rewards (65.309792ms)
✔ deferred rewards stay bounded by kind without losing chest or consumable counts (4.190708ms)
✔ consolidated consumables are collected once each across successive simulation ticks (4.302625ms)
✔ ordinary ranged attacks warn before firing, commit their aim, and can be dodged (20.532167ms)
✔ ordinary hexes lock a warned ground area and their dead or frozen owner cancels damage (7.3775ms)
✔ dense ordinary ranged enemies cap concurrent warned casts instead of firing invisibly (2.963ms)
✔ cosmetic saturation never removes a live warning, and exhausted warning capacity defers attacks (1.614042ms)
✔ the new lancer uses the same committed warned charge as a hellhound (1.705042ms)
✔ ritual credit requires both the player and the defeated enemy inside the shrine (1.702125ms)
✔ rituals sustain mixed waves, require sixty kills and thirty seconds, and reward only once (1.7365ms)
✔ rituals fail on their deadline when their objective is incomplete (1.405208ms)
✔ the first evolution uses the single run slot and later chests still give upgrades (5.936333ms)
✔ high Luck cannot turn one chest into multiple equipment ranks (2.187125ms)
✔ Meteor Storm uses compact matching warnings and lower damage (1.753292ms)
✔ Void Sphere is compact and even a legacy AOE field cannot pull or damage distant targets (4.241667ms)
✔ current snapshots reject multiple evolutions atomically (3.489416ms)
✔ older multi-evolution hunts keep their first evolution, XP fraction, and earned credit (4.586875ms)
✔ restoring a pending second evolution preserves the chest as a normal reward (9.891209ms)
✔ the opening XP pace stays intact while later equipment ranks require sustained play (1.196875ms)
✔ legacy active boss and mini health adopt current tuning while preserving damage fraction (4.232416ms)
✔ legacy evolution retention follows earned order instead of inventory position (3.324333ms)
﹣ continuous Classic director reaches victory with every scheduled event (0.743792ms) # SKIP
✔ new runs derive passives from the current hunter and permanent upgrades (10.0985ms)
✔ fatal contact cannot be replaced by a same-frame chest (4.892833ms)
✔ victory is terminal immediately and settlement is idempotent (2.730917ms)
✔ abandon settles earned gold once (8.901875ms)
✔ simulation delays freeze during pause/suspension and cannot leak into a retry (20.818375ms)
✔ boss-owned actions are invalidated when the boss dies (14.024083ms)
✔ spatial queries include large enemies across grid boundaries (2.524875ms)
✔ spatial query results agree with brute force for deterministic random fixtures (6.159834ms)
✔ spatial keys remain distinct across negative cells and distant-world fallback (2.508542ms)
✔ piercing arrows hit each target once, including across frames (4.65475ms)
✔ swept arrows hit targets crossed between frame endpoints (2.547042ms)
✔ boss orb damage is independent of unrelated projectile counts (11.20725ms)
✔ dagger cooldown cannot suppress an orb (0.412167ms)
✔ sword angle normalization rejects targets outside the intended arc (0.234375ms)
✔ Frost Shards carry the selected duration into collisions (0.801083ms)
✔ frozen wraiths stop voluntary drift (0.752417ms)
✔ full pickup pools preserve chests and total XP (4.579708ms)
✔ small coin rewards retain fractional Greed benefit (4.515292ms)
✔ normal spawns are outside wide and narrow logical viewports (17.860167ms)
✔ finale settles a surviving early boss and freezes summon scaling (0.958917ms)
✔ draft tools are bounded and stale choices cannot be reused (2.745875ms)
✔ multiple eligible evolutions can be chosen explicitly (1.727833ms)
✔ Covenants remain optional and award one chosen rule (1.642958ms)
✔ snapshots restore active simulation and scheduled attacks (28.4695ms)
✔ malformed snapshots cannot overwrite runtime methods or live state (4.628084ms)
✔ seeded simulation agrees across render rates and pause adds no elapsed time (100.911792ms)
✔ evolved Bow critical hits splash from bosses as described (1.35125ms)
✔ Fire evolution carries level area and uses matching warning geometry (1.434959ms)
✔ snapshot roundtrip preserves queued drafts and rejects incomplete entities (2.273042ms)
✔ evolved Frost retains a movement gap even with maximum cooldown reductions (39.542334ms)
✔ XP progression keeps the opening pace and smoothly extends the late build budget (5.455542ms)
✔ every progress callback observes a restorable completed transaction (2.295125ms)
✔ hunter traits implement their displayed triggers and caps (23.310125ms)
✔ Covenant rules match their descriptions without weakening terminal guards (1.332042ms)
✔ QA scenarios are gated and never export resumable god-mode saves (1.523792ms)
✔ production rejects QA even if the public debug flag is changed (0.293625ms)
✔ snapshot restore preserves recycled pool order and future seeded combat (21.159375ms)
✔ authored encounters defer during bosses, recover, and resume in deterministic order (2.464916ms)
✔ Covenants reserve authored admission and bosses retain their scheduled priority (0.338458ms)
✔ authored swarm delivery waits for room for the full ring (2.0855ms)
✔ Growth applies once to both ordinary-enemy and boss XP drops (1.946625ms)
✔ weaker slow effects neither thaw frozen enemies nor extend the freeze (0.427875ms)
✔ nonpiercing swept projectiles hit the nearest surface in either direction (0.491791ms)
✔ a boss and ordinary targets share the same projectile contact order (0.273ms)
✔ fireballs explode at the swept impact point instead of the far endpoint (0.325375ms)
✔ old orb AOE fields never pull targets into an unrelated projectile (0.235917ms)
✔ Hunter's Oath grants its first-hit bonus against full-health bosses (0.270125ms)
✔ saved drafts reject impossible slots, ranks, ownership and evolution readiness atomically (1.709208ms)
✔ live stale draft actions cannot exceed slots or evolve an ineligible weapon (0.247083ms)
✔ full-build QA fixtures use late-run XP cadence but explicit draft presets still open (0.477875ms)
✔ keyboard diagonal speed is normalized and held pause toggles once (1.1605ms)
✔ mouse capture follows outside drag, matches visual radius and resets on cancellation (1.025833ms)
✔ UI controls and secondary pointers cannot steal gameplay movement (0.333375ms)
✔ disabled input cannot move and fixed joystick honors handedness (0.272084ms)
✔ platform Escape and browser shortcuts remain available without moving the hunter (0.573166ms)
✔ orientation or viewport changes release captured movement before the new camera geometry (0.327792ms)
✔ each requested mini-boss arrives once at its minute boundary (24.625708ms)
✔ six main bosses keep the requested schedule and Death owns the finale (10.600083ms)
✔ mini-bosses can arrive during a main fight while the next main fight queues (2.284125ms)
✔ full pools defer a mini-boss without marking it delivered (10.551125ms)
✔ mini-boss rewards use explicit XP and gold once, without adding a chest (2.873042ms)
✔ mini-boss volley is warned, fixed in direction, and canceled if its owner dies (1.745875ms)
✔ all added main bosses announce a delayed attack that dies with its owner (12.551292ms)
✔ current checkpoints retain a live mini-boss and its warned attack (7.272208ms)
✔ legacy checkpoints skip historical added encounters without inventing defeated bosses (6.549875ms)
✔ restored mini identities and projectile counts are bounded (2.59725ms)
✔ Covenant offers leave enough time for the ritual before the next scheduled fight (1.606625ms)
✔ mini-bosses resist freeze without ignoring the slowing effect (0.453958ms)
✔ overlapping mini projectiles retain their shooter through a checkpoint (5.330583ms)
✔ Playables package requires SDK first, root entry, and local assets (2.152791ms)
✔ Playables package rejects traversal and hidden external styles (0.4705ms)
✔ readiness is ordered and idempotent; missing SDK fails explicitly (2.607167ms)
✔ SDK mute and pause are authoritative; subscriptions are disposed (0.70225ms)
✔ partial SDK initialization cleans up and can retry safely (0.469083ms)
✔ cloud load failure locks saves even after an earlier successful load (3.59675ms)
✔ Playables preview never falls back to browser storage (1.08075ms)
✔ browser saves retain previous value and reject another window’s changes (2.271834ms)
✔ empty browser values remain invalid input while the SDK empty string means new player (1.116167ms)
✔ oversized UTF-8 save is rejected before cloud write (28.148792ms)
✔ pause stops new cloud operations; one explicit boundary checkpoint is permitted (1.812875ms)
✔ pause checkpoints cannot overtake an in-flight write (3.195791ms)
✔ readiness is deferred during suspension and pending work rejects on disposal (4.201458ms)
✔ a request beginning while active cannot cross a pause through a microtask gap (0.373625ms)
✔ a late load cannot reopen saving after disposal or a newer failed load (0.396958ms)
✔ disposal tolerates a broken unsubscribe and resets suspension for a new session (0.318375ms)
✔ a completed old cloud write cannot mutate the new session after disposal (0.222583ms)
✔ a failed SDK error report cannot interrupt game recovery or send during suspension (0.121083ms)
✔ phone preview serves only its artifact, including through symlinks, and never accepts writes (80.946417ms)
✔ recovery lab is loopback-only, serves an unchanged artifact copy and blocks external connections (103.36175ms)
✔ recovery lab fixture controls exercise primary faults while never touching ordinary profile keys (13.868125ms)
✔ rendering arbitrary frame counts and viewports cannot mutate gameplay or damage-number timing (20.640917ms)
✔ offscreen guidance prioritizes live threats and ritual, without duplicating visible or dead targets (2.343958ms)
✔ edge badges locate the nearest chest and avoid touch controls and each other (1.469542ms)
✔ camera maps CSS viewport to consistent logical geometry independent of raster pixel ratio (0.173542ms)
✔ a line telegraph ending at world origin remains a line and uses its locked endpoint (0.794ms)
✔ comfort settings steady danger rims while retaining the countdown boundary (1.114416ms)
✔ comfort controls replace bright impact fills with geometry and stop decorative aura rotation (1.153041ms)
✔ enemy hits retain normal or frozen artwork under a restrained flash without mutating gameplay (4.053541ms)
✔ mini-boss edge guidance has its own identity and takes priority over lesser threats (2.902375ms)
✔ visible mini-bosses retain readable named health plates across mobile orientations and comfort modes (2.93625ms)
✔ legacy profiles preserve progress, original purchase costs and mute preference (2.451291ms)
✔ invalid financial data and future versions fail closed (0.625ms)
✔ unknown content IDs are ignored without granting stats or losing valid items (0.281375ms)
✔ all new main and mini-boss victories survive checkpoint, settlement and profile reload (2.55925ms)
✔ settings normalize unsafe values and retain valid independent preferences (0.830291ms)
✔ purchases spend once per actual rank and respec returns exact historical spend (1.085375ms)
✔ respec is blocked during an active run (0.527458ms)
✔ fractional cumulative gold checkpoints are monotonic and only credit differences (0.566208ms)
✔ crash after saved checkpoint before settlement keeps gold and pays remaining amount once (1.833208ms)
✔ abandonment banks rewards, records stats and does not become a win (0.43875ms)
✔ new run finalizes an interrupted attempt using its last durable counters (0.339125ms)
✔ history stays bounded while stale settlements remain rejected (2.669917ms)
✔ discoveries and mastery reward actual winning builds without locking original content (0.990542ms)
✔ snapshots detach mutable arrays and invalid snapshots do not erase permanent rewards (0.658167ms)
✔ engine rejects corrupted modal/content snapshots before changing the active run (8.45575ms)
✔ missing storage is ready/new; failed storage is error/unwritable (0.689625ms)
✔ corrupt save exposes a valid backup without overwriting the corrupt original (0.343292ms)
✔ explicit backup recovery restores verified progress and preserves the recovery copy (0.607208ms)
✔ backup recovery cannot overwrite data changed after the failed load (0.360583ms)
✔ an unreadable primary cannot authorize backup recovery (0.151583ms)
✔ future-version progress never offers an older recovery that could erase newer content (0.120917ms)
✔ browser recovery retains the last good backup even when the primary write fails (0.58625ms)
✔ human-readable builds survive settlement and reload while discoveries use stable IDs (0.224541ms)
✔ an actual engine snapshot older than the gold ledger cannot farm a repeated pickup (8.160209ms)
✔ queued writes cannot finish out of order or read later mutations from callers (0.587917ms)
✔ bursts coalesce behind an in-flight write and promises wait for their covering revision (1.456459ms)
✔ idle pause checkpoints write once without loading and ordinary saves await resume (14.283417ms)
✔ pause during an in-flight write queues the latest checkpoint without overlapping requests (1.923375ms)
✔ a failed write can be retried and does not poison subsequent writes (0.744917ms)
✔ another writer's data is preserved and saving stops until reloaded (0.264375ms)
✔ malformed snapshot timestamps discard the run without invalidating permanent progress (0.8495ms)
✔ a conflict between read and write locks every coalesced caller until explicit reload (0.925292ms)
✔ a lost write acknowledgement does not turn the next queued revision into a false conflict (0.605875ms)
✔ an externally deleted primary is a conflict, not an acknowledged empty save (0.205042ms)
✔ a lost pause-checkpoint acknowledgement can be reconciled on the next normal save (0.316583ms)
ℹ tests 170
ℹ suites 0
ℹ pass 169
ℹ fail 0
ℹ cancelled 0
ℹ skipped 1
ℹ todo 0
ℹ duration_ms 640.818917
